Microchip MPLAB XC8 Compiler V2.32

Linker command line:

-W-3 --edf=C:\Program Files\Microchip\xc8\v2.32\pic\dat\en_msgs.txt -cn \
  -h+dist/default/production\LAB1_FIX.X.production.sym \
  --cmf=dist/default/production\LAB1_FIX.X.production.cmf -z -Q16F887 \
  -oC:\Users\FERNAN~1\AppData\Local\Temp\xcAs1ig.4 --defsym=__MPLAB_BUILD=1 \
  -Mdist/default/production/LAB1_FIX.X.production.map -E1 -ver=XC8 Compiler \
  --acfsm=1493 -ASTACK=0110h-016Fh -pstack=STACK -ACODE=00h-07FFhx4 \
  -ASTRCODE=00h-01FFFh -ASTRING=00h-0FFhx32 -ACONST=00h-0FFhx32 \
  -AENTRY=00h-0FFhx32 -ACOMMON=070h-07Fh -ABANK0=020h-06Fh \
  -ABANK1=0A0h-0EFh -ABANK2=0110h-016Fh -ABANK3=0190h-01EFh \
  -ARAM=020h-06Fh,0A0h-0EFh,0110h-016Fh,0190h-01EFh \
  -AABS1=020h-07Fh,0A0h-0EFh,0110h-016Fh,0190h-01EFh -ASFR0=00h-01Fh \
  -ASFR1=080h-09Fh -ASFR2=0100h-010Fh -ASFR3=0180h-018Fh \
  -ACONFIG=02007h-02008h -DCONFIG=2 -AIDLOC=02000h-02003h -DIDLOC=2 \
  -AEEDATA=00h-0FFh/02100h -peeprom_data=EEDATA -DEEDATA=2 -DCODE=2 \
  -DSTRCODE=2 -DSTRING=2 -DCONST=2 -DENTRY=2 \
  -preset_vec=00h,intentry=04h,init,end_init -ppowerup=CODE -pcinit=CODE \
  -pfunctab=ENTRY -k C:\Users\FERNAN~1\AppData\Local\Temp\xcAs1ig.o \
  dist/default/production\LAB1_FIX.X.production.o 

Object code version is 3.11

Machine type is 16F887



                Name                               Link     Load   Length Selector   Space Scale
C:\Users\FERNAN~1\AppData\Local\Temp\xcAs1ig.o
                end_init                              C        C        3        8       0
                reset_vec                             0        0        3        0       0
                config                             2007     2007        2        0       4
dist/default/production\LAB1_FIX.X.production.o
                cinit                                 F        F       17        8       0
                intentry                              4        4        8        8       0
                config                             2007     2007        2        0       4
                text5                                B1       B1       42        8       0
                text4                               106      106       11        8       0
                text3                               133      133        B        8       0
                text2                               127      127        C        8       0
                text1                                6E       6E       43        8       0
                maintext                             26       26       48        8       0
                cstackCOMMON                         70       70        8       70       1
                inittext                             F3       F3       13        8       0
                dataBANK0                            20       20       10       20       1
                bssCOMMON                            78       78        5       70       1
                idataBANK0                          117      117       10        8       0

TOTAL           Name                               Link     Load   Length     Space
        CLASS   STACK          

        CLASS   CODE           
                end_init                              C        C        3         0
                cinit                                 F        F       17         0
                intentry                              4        4        8         0
                reset_vec                             0        0        3         0
                text5                                B1       B1       42         0
                text4                               106      106       11         0
                text3                               133      133        B         0
                text2                               127      127        C         0
                text1                                6E       6E       43         0
                maintext                             26       26       48         0
                inittext                             F3       F3       13         0
                idataBANK0                          117      117       10         0

        CLASS   STRCODE        

        CLASS   STRING         

        CLASS   CONST          

        CLASS   ENTRY          

        CLASS   COMMON         
                cstackCOMMON                         70       70        8         1
                bssCOMMON                            78       78        5         1

        CLASS   BANK0          
                dataBANK0                            20       20       10         1

        CLASS   BANK1          

        CLASS   BANK2          

        CLASS   BANK3          

        CLASS   RAM            

        CLASS   ABS1           
                abs_s1                               7E       7E        2         1

        CLASS   SFR0           

        CLASS   SFR1           

        CLASS   SFR2           

        CLASS   SFR3           

        CLASS   CONFIG         
                config                             2007     2007        2         4

        CLASS   IDLOC          

        CLASS   EEDATA         



SEGMENTS        Name                           Load    Length   Top    Selector   Space  Class     Delta

                reset_vec                      000000  000003  000003         0       0  CODE        2
                intentry                       000004  00013A  00013E         8       0  CODE        2
                dataBANK0                      000020  000010  000030        20       1  BANK0       1
                cstackCOMMON                   000070  00000D  00007D        70       1  COMMON      1


UNUSED ADDRESS RANGES

        Name                Unused          Largest block    Delta
        BANK0            0030-006F             40           1
        BANK1            00A0-00EF             50           1
        BANK2            0110-016F             60           1
        BANK3            0190-01EF             60           1
        CODE             0003-0003              1           2
                         013E-1FFF            800
        COMMON           007D-007D              1           1
        CONST            0003-0003              1           2
                         013E-1FFF            100
        EEDATA           2100-21FF            100           2
        ENTRY            0003-0003              1           2
                         013E-1FFF            100
        IDLOC            2000-2003              4           2
        RAM              0030-006F             40           1
                         00A0-00EF             50
                         0110-016F             60
                         0190-01EF             60
        SFR0             0000-001F             20           1
        SFR1             0080-009F             20           1
        SFR2             0100-010F             10           1
        SFR3             0180-018F             10           1
        STACK            0110-016F             60           1
        STRCODE          0003-0003              1           2
                         013E-1FFF           1EC2
        STRING           0003-0003              1           2
                         013E-1FFF            100

                                  Symbol Table

SEG_HEX@FER              cstackCOMMON 0075
SEG_HEX@VAR              cstackCOMMON 0074
_ADCON0bits              (abs)        001F
_ADCON1bits              (abs)        009F
_ADC_R                   bssCOMMON    007A
_ADC_START               text4        0106
_ADRESH                  (abs)        001E
_ANSEL                   (abs)        0188
_ANSELH                  (abs)        0189
_DEC                     bssCOMMON    007B
_INTCONbits              (abs)        000B
_IOCB                    (abs)        0096
_ISR                     text5        00B1
_OPTION_REGbits          (abs)        0081
_OSCCONbits              (abs)        008F
_PIE1bits                (abs)        008C
_PIR1bits                (abs)        000C
_PORTA                   (abs)        0005
_PORTAbits               (abs)        0005
_PORTB                   (abs)        0006
_PORTBbits               (abs)        0006
_PORTC                   (abs)        0007
_PORTD                   (abs)        0008
_PORTE                   (abs)        0009
_PORTEbits               (abs)        0009
_SEG_HEX                 text3        0133
_TMR0                    (abs)        0001
_TRISA                   (abs)        0085
_TRISB                   (abs)        0086
_TRISC                   (abs)        0087
_TRISD                   (abs)        0088
_TRISE                   (abs)        0089
_T_TABLE                 dataBANK0    0020
_UNIT                    bssCOMMON    007C
_WPUB                    (abs)        0095
__Habs1                  abs1         0000
__Hbank0                 bank0        0000
__Hbank1                 bank1        0000
__Hbank2                 bank2        0000
__Hbank3                 bank3        0000
__HbssCOMMON             bssCOMMON    0000
__Hcinit                 cinit        0026
__Hclrtext               clrtext      0000
__Hcode                  code         0000
__Hcommon                common       0000
__Hconfig                config       2009
__HcstackCOMMON          cstackCOMMON 0000
__HdataBANK0             dataBANK0    0000
__Heeprom_data           eeprom_data  0000
__Hend_init              end_init     000F
__Hfunctab               functab      0000
__HidataBANK0            idataBANK0   0000
__Hinit                  init         000C
__Hinittext              inittext     0000
__Hintentry              intentry     000C
__Hmaintext              maintext     0000
__Hpowerup               powerup      0000
__Hram                   ram          0000
__Hreset_vec             reset_vec    0003
__Hsfr0                  sfr0         0000
__Hsfr1                  sfr1         0000
__Hsfr2                  sfr2         0000
__Hsfr3                  sfr3         0000
__Hspace_0               (abs)        013E
__Hspace_1               (abs)        007D
__Hspace_2               (abs)        0000
__Hspace_3               (abs)        0000
__Hspace_4               (abs)        4010
__Hstack                 stack        0000
__Hstrings               strings      0000
__Htext                  text         0000
__Labs1                  abs1         0000
__Lbank0                 bank0        0000
__Lbank1                 bank1        0000
__Lbank2                 bank2        0000
__Lbank3                 bank3        0000
__LbssCOMMON             bssCOMMON    0000
__Lcinit                 cinit        000F
__Lclrtext               clrtext      0000
__Lcode                  code         0000
__Lcommon                common       0000
__Lconfig                config       0000
__LcstackCOMMON          cstackCOMMON 0000
__LdataBANK0             dataBANK0    0000
__Leeprom_data           eeprom_data  0000
__Lend_init              end_init     000C
__Lfunctab               functab      0000
__LidataBANK0            idataBANK0   0000
__Linit                  init         000C
__Linittext              inittext     0000
__Lintentry              intentry     0004
__Lmaintext              maintext     0000
__Lpowerup               powerup      0000
__Lram                   ram          0000
__Lreset_vec             reset_vec    0000
__Lsfr0                  sfr0         0000
__Lsfr1                  sfr1         0000
__Lsfr2                  sfr2         0000
__Lsfr3                  sfr3         0000
__Lspace_0               (abs)        0000
__Lspace_1               (abs)        0000
__Lspace_2               (abs)        0000
__Lspace_3               (abs)        0000
__Lspace_4               (abs)        0000
__Lstack                 stack        0000
__Lstrings               strings      0000
__Ltext                  text         0000
__S0                     (abs)        013E
__S1                     (abs)        007D
__S2                     (abs)        0000
__S3                     (abs)        0000
___int_sp                stack        0000
___latbits               (abs)        0002
___sp                    stack        0000
___stackhi               (abs)        0000
___stacklo               (abs)        0000
__end_of_ADC_START       text4        0117
__end_of_ISR             text5        00F3
__end_of_SEG_HEX         text3        013E
__end_of__initialization cinit        0022
__end_of_configTMR0      text2        0133
__end_of_initCONFIG      text1        00B1
__end_of_main            maintext     006E
__initialization         cinit        000F
__pbssCOMMON             bssCOMMON    0078
__pcstackCOMMON          cstackCOMMON 0070
__pdataBANK0             dataBANK0    0020
__pidataBANK0            idataBANK0   0117
__pintentry              intentry     0004
__pmaintext              maintext     0026
__ptext1                 text1        006E
__ptext2                 text2        0127
__ptext3                 text3        0133
__ptext4                 text4        0106
__ptext5                 text5        00B1
__size_of_ADC_START      (abs)        0000
__size_of_ISR            (abs)        0000
__size_of_SEG_HEX        (abs)        0000
__size_of_configTMR0     (abs)        0000
__size_of_initCONFIG     (abs)        0000
__size_of_main           (abs)        0000
_configTMR0              text2        0127
_initCONFIG              text1        006E
_main                    maintext     0026
_x                       bssCOMMON    0079
_y                       bssCOMMON    0078
btemp                    (abs)        007E
end_of_initialization    cinit        0022
init_fetch0              inittext     00F3
init_ram0                inittext     00F7
interrupt_function       intentry     0004
intlevel0                functab      0000
intlevel1                functab      0000
intlevel2                functab      0000
intlevel3                functab      0000
intlevel4                functab      0000
intlevel5                functab      0000
reset_vec                reset_vec    0000
saved_w                  (abs)        007E
start                    init         000C
start_initialization     cinit        000F
wtemp0                   (abs)        007E


MODULE INFORMATION

Module		Function		Class		Link	Load	Size
adc.c
		_ADC_START     		CODE           	0106	0000	17

adc.c estimated size: 17

shared
		__initialization		CODE           	000F	0000	19

shared estimated size: 19

segment.c
		_SEG_HEX       		CODE           	0133	0000	11

segment.c estimated size: 11

main.c
		_ISR           		CODE           	00B1	0000	66
		_main          		CODE           	0026	0000	72
		_configTMR0    		CODE           	0127	0000	12
		_initCONFIG    		CODE           	006E	0000	67

main.c estimated size: 217

